../Core/Src/main.c:85:5:main	8	static
../Core/Src/main.c:145:6:SystemClock_Config	96	static
../Core/Src/main.c:206:13:MX_DFSDM1_Init	8	static
../Core/Src/main.c:244:13:MX_I2C2_Init	8	static
../Core/Src/main.c:292:13:MX_QUADSPI_Init	8	static
../Core/Src/main.c:325:13:MX_SPI3_Init	8	static
../Core/Src/main.c:365:13:MX_USART1_UART_Init	8	static
../Core/Src/main.c:400:13:MX_USART3_UART_Init	8	static
../Core/Src/main.c:435:13:MX_USB_OTG_FS_PCD_Init	8	static
../Core/Src/main.c:470:13:MX_GPIO_Init	48	static
../Core/Src/main.c:648:9:hts221_read_register	32	static
../Core/Src/main.c:654:6:hts221_write_register	32	static
../Core/Src/main.c:659:10:hts221_read_temp_register	16	static
../Core/Src/main.c:665:10:hts221_read_humd_register	16	static
../Core/Src/main.c:671:6:hts221_init	8	static
../Core/Src/main.c:684:6:Error_Handler	4	static,ignoring_inline_asm
