17:13:35 **** Incremental Build of configuration Debug for project Smart_Weather_Station ****
make -j8 all 
arm-none-eabi-gcc "../Core/Src/main.c" -mcpu=cortex-m4 -std=gnu11 -g3 -DDEBUG -DUSE_HAL_DRIVER -DSTM32L475xx -c -I../Core/Inc -I../Drivers/STM32L4xx_HAL_Driver/Inc -I../Drivers/STM32L4xx_HAL_Driver/Inc/Legacy -I../Drivers/CMSIS/Device/ST/STM32L4xx/Include -I../Drivers/CMSIS/Include -O0 -ffunction-sections -fdata-sections -Wall -fstack-usage -fcyclomatic-complexity -MMD -MP -MF"Core/Src/main.d" -MT"Core/Src/main.o" --specs=nano.specs -mfpu=fpv4-sp-d16 -mfloat-abi=hard -mthumb -o "Core/Src/main.o"
arm-none-eabi-gcc -o "Smart_Weather_Station.elf" @"objects.list"   -mcpu=cortex-m4 -T"C:\Users\ghass\Desktop\Smart_Weather_Station\Smart_Weather_Station\STM32L475VGTX_FLASH.ld" --specs=nosys.specs -Wl,-Map="Smart_Weather_Station.map" -Wl,--gc-sections -static --specs=nano.specs -mfpu=fpv4-sp-d16 -mfloat-abi=hard -mthumb -Wl,--start-group -lc -lm -Wl,--end-group
Finished building target: Smart_Weather_Station.elf
 
arm-none-eabi-size   Smart_Weather_Station.elf 
arm-none-eabi-objdump -h -S  Smart_Weather_Station.elf  > "Smart_Weather_Station.list"
   text	   data	    bss	    dec	    hex	filename
  21556	     20	   3484	  25060	   61e4	Smart_Weather_Station.elf
Finished building: default.size.stdout
 
Finished building: Smart_Weather_Station.list
 
