10:43:14 **** Clean-only build of configuration Debug for project B-L475E-IOT01 ****
make -j8 clean 
rm -rf ./SW4STM32/startup_stm32l475xx.d ./SW4STM32/startup_stm32l475xx.o ./SW4STM32/syscalls.cyclo ./SW4STM32/syscalls.d ./SW4STM32/syscalls.o ./SW4STM32/syscalls.su
rm -rf ./Drivers/STM32L4xx_HAL_Driver/stm32l4xx_hal.cyclo ./Drivers/STM32L4xx_HAL_Driver/stm32l4xx_hal.d ./Drivers/STM32L4xx_HAL_Driver/stm32l4xx_hal.o ./Drivers/STM32L4xx_HAL_Driver/stm32l4xx_hal.su ./Drivers/STM32L4xx_HAL_Driver/stm32l4xx_hal_cortex.cyclo ./Drivers/STM32L4xx_HAL_Driver/stm32l4xx_hal_cortex.d ./Drivers/STM32L4xx_HAL_Driver/stm32l4xx_hal_cortex.o ./Drivers/STM32L4xx_HAL_Driver/stm32l4xx_hal_cortex.su ./Drivers/STM32L4xx_HAL_Driver/stm32l4xx_hal_dma.cyclo ./Drivers/STM32L4xx_HAL_Driver/stm32l4xx_hal_dma.d ./Drivers/STM32L4xx_HAL_Driver/stm32l4xx_hal_dma.o ./Drivers/STM32L4xx_HAL_Driver/stm32l4xx_hal_dma.su ./Drivers/STM32L4xx_HAL_Driver/stm32l4xx_hal_flash.cyclo ./Drivers/STM32L4xx_HAL_Driver/stm32l4xx_hal_flash.d ./Drivers/STM32L4xx_HAL_Driver/stm32l4xx_hal_flash.o ./Drivers/STM32L4xx_HAL_Driver/stm32l4xx_hal_flash.su ./Drivers/STM32L4xx_HAL_Driver/stm32l4xx_hal_flash_ex.cyclo ./Drivers/STM32L4xx_HAL_Driver/stm32l4xx_hal_flash_ex.d ./Drivers/STM32L4xx_HAL_Driver/stm32l4xx_hal_flash_ex.o ./Drivers/STM32L4xx_HAL_Driver/stm32l4xx_hal_flash_ex.su ./Drivers/STM32L4xx_HAL_Driver/stm32l4xx_hal_gpio.cyclo ./Drivers/STM32L4xx_HAL_Driver/stm32l4xx_hal_gpio.d ./Drivers/STM32L4xx_HAL_Driver/stm32l4xx_hal_gpio.o ./Drivers/STM32L4xx_HAL_Driver/stm32l4xx_hal_gpio.su ./Drivers/STM32L4xx_HAL_Driver/stm32l4xx_hal_i2c.cyclo ./Drivers/STM32L4xx_HAL_Driver/stm32l4xx_hal_i2c.d ./Drivers/STM32L4xx_HAL_Driver/stm32l4xx_hal_i2c.o ./Drivers/STM32L4xx_HAL_Driver/stm32l4xx_hal_i2c.su ./Drivers/STM32L4xx_HAL_Driver/stm32l4xx_hal_i2c_ex.cyclo ./Drivers/STM32L4xx_HAL_Driver/stm32l4xx_hal_i2c_ex.d ./Drivers/STM32L4xx_HAL_Driver/stm32l4xx_hal_i2c_ex.o ./Drivers/STM32L4xx_HAL_Driver/stm32l4xx_hal_i2c_ex.su ./Drivers/STM32L4xx_HAL_Driver/stm32l4xx_hal_pwr.cyclo ./Drivers/STM32L4xx_HAL_Driver/stm32l4xx_hal_pwr.d ./Drivers/STM32L4xx_HAL_Driver/stm32l4xx_hal_pwr.o ./Drivers/STM32L4xx_HAL_Driver/stm32l4xx_hal_pwr.su ./Drivers/STM32L4xx_HAL_Driver/stm32l4xx_hal_pwr_ex.cyclo ./Drivers/STM32L4xx_HAL_Driver/stm32l4xx_hal_pwr_ex.d ./Drivers/STM32L4xx_HAL_Driver/stm32l4xx_hal_pwr_ex.o ./Drivers/STM32L4xx_HAL_Driver/stm32l4xx_hal_pwr_ex.su ./Drivers/STM32L4xx_HAL_Driver/stm32l4xx_hal_rcc.cyclo ./Drivers/STM32L4xx_HAL_Driver/stm32l4xx_hal_rcc.d ./Drivers/STM32L4xx_HAL_Driver/stm32l4xx_hal_rcc.o ./Drivers/STM32L4xx_HAL_Driver/stm32l4xx_hal_rcc.su ./Drivers/STM32L4xx_HAL_Driver/stm32l4xx_hal_rcc_ex.cyclo ./Drivers/STM32L4xx_HAL_Driver/stm32l4xx_hal_rcc_ex.d ./Drivers/STM32L4xx_HAL_Driver/stm32l4xx_hal_rcc_ex.o ./Drivers/STM32L4xx_HAL_Driver/stm32l4xx_hal_rcc_ex.su ./Drivers/STM32L4xx_HAL_Driver/stm32l4xx_hal_spi.cyclo ./Drivers/STM32L4xx_HAL_Driver/stm32l4xx_hal_spi.d ./Drivers/STM32L4xx_HAL_Driver/stm32l4xx_hal_spi.o ./Drivers/STM32L4xx_HAL_Driver/stm32l4xx_hal_spi.su ./Drivers/STM32L4xx_HAL_Driver/stm32l4xx_hal_spi_ex.cyclo ./Drivers/STM32L4xx_HAL_Driver/stm32l4xx_hal_spi_ex.d ./Drivers/STM32L4xx_HAL_Driver/stm32l4xx_hal_spi_ex.o ./Drivers/STM32L4xx_HAL_Driver/stm32l4xx_hal_spi_ex.su ./Drivers/STM32L4xx_HAL_Driver/stm32l4xx_hal_uart.cyclo ./Drivers/STM32L4xx_HAL_Driver/stm32l4xx_hal_uart.d ./Drivers/STM32L4xx_HAL_Driver/stm32l4xx_hal_uart.o ./Drivers/STM32L4xx_HAL_Driver/stm32l4xx_hal_uart.su ./Drivers/STM32L4xx_HAL_Driver/stm32l4xx_hal_uart_ex.cyclo ./Drivers/STM32L4xx_HAL_Driver/stm32l4xx_hal_uart_ex.d ./Drivers/STM32L4xx_HAL_Driver/stm32l4xx_hal_uart_ex.o ./Drivers/STM32L4xx_HAL_Driver/stm32l4xx_hal_uart_ex.su
rm -rf ./Drivers/CMSIS/system_stm32l4xx.cyclo ./Drivers/CMSIS/system_stm32l4xx.d ./Drivers/CMSIS/system_stm32l4xx.o ./Drivers/CMSIS/system_stm32l4xx.su
rm -rf ./Drivers/BSP/B-L475E-IOT01/stm32l475e_iot01.cyclo ./Drivers/BSP/B-L475E-IOT01/stm32l475e_iot01.d ./Drivers/BSP/B-L475E-IOT01/stm32l475e_iot01.o ./Drivers/BSP/B-L475E-IOT01/stm32l475e_iot01.su
rm -rf ./Application/WIFI/es_wifi.cyclo ./Application/WIFI/es_wifi.d ./Application/WIFI/es_wifi.o ./Application/WIFI/es_wifi.su ./Application/WIFI/es_wifi_io.cyclo ./Application/WIFI/es_wifi_io.d ./Application/WIFI/es_wifi_io.o ./Application/WIFI/es_wifi_io.su ./Application/WIFI/wifi.cyclo ./Application/WIFI/wifi.d ./Application/WIFI/wifi.o ./Application/WIFI/wifi.su
rm -rf ./Application/User/main.cyclo ./Application/User/main.d ./Application/User/main.o ./Application/User/main.su ./Application/User/stm32l4xx_it.cyclo ./Application/User/stm32l4xx_it.d ./Application/User/stm32l4xx_it.o ./Application/User/stm32l4xx_it.su
rm -rf B-L475E-IOT01.bin B-L475E-IOT01.elf B-L475E-IOT01.list B-L475E-IOT01.map default.size.stdout
 
10:43:28 **** Build of configuration Debug for project B-L475E-IOT01 ****
make -j8 all 
arm-none-eabi-gcc -mcpu=cortex-m4 -g3 -c -x assembler-with-cpp -MMD -MP -MF"SW4STM32/startup_stm32l475xx.d" -MT"SW4STM32/startup_stm32l475xx.o" --specs=nano.specs -mfpu=fpv4-sp-d16 -mfloat-abi=hard -mthumb -o "SW4STM32/startup_stm32l475xx.o" "C:/Users/ghass/STM32Cube/Repository/STM32Cube_FW_L4_V1.17.2/Projects/B-L475E-IOT01A/Applications/WiFi/WiFi_Client_Server/SW4STM32/startup_stm32l475xx.s"
arm-none-eabi-gcc "C:/Users/ghass/STM32Cube/Repository/STM32Cube_FW_L4_V1.17.2/Projects/B-L475E-IOT01A/Applications/WiFi/WiFi_Client_Server/SW4STM32/syscalls.c" -mcpu=cortex-m4 -std=gnu11 -g3 -DUSE_HAL_DRIVER -DSTM32L475xx -DUSE_STM32L475_DISCOVERY -c -I../../../Inc -I../../../../Common/Inc -I../../../../../../../../Drivers/CMSIS/Device/ST/STM32L4xx/Include -I../../../../../../../../Drivers/STM32L4xx_HAL_Driver/Inc -I../../../../../../../../Drivers/BSP/B-L475E-IOT01 -I../../../../../../../../Drivers/CMSIS/Include -Os -ffunction-sections -Wall -Wno-strict-aliasing -fstack-usage -fcyclomatic-complexity -MMD -MP -MF"SW4STM32/syscalls.d" -MT"SW4STM32/syscalls.o" --specs=nano.specs -mfpu=fpv4-sp-d16 -mfloat-abi=hard -mthumb -o "SW4STM32/syscalls.o"
arm-none-eabi-gcc "C:/Users/ghass/STM32Cube/Repository/STM32Cube_FW_L4_V1.17.2/Drivers/STM32L4xx_HAL_Driver/Src/stm32l4xx_hal.c" -mcpu=cortex-m4 -std=gnu11 -g3 -DUSE_HAL_DRIVER -DSTM32L475xx -DUSE_STM32L475_DISCOVERY -c -I../../../Inc -I../../../../Common/Inc -I../../../../../../../../Drivers/CMSIS/Device/ST/STM32L4xx/Include -I../../../../../../../../Drivers/STM32L4xx_HAL_Driver/Inc -I../../../../../../../../Drivers/BSP/B-L475E-IOT01 -I../../../../../../../../Drivers/CMSIS/Include -Os -ffunction-sections -Wall -Wno-strict-aliasing -fstack-usage -fcyclomatic-complexity -MMD -MP -MF"Drivers/STM32L4xx_HAL_Driver/stm32l4xx_hal.d" -MT"Drivers/STM32L4xx_HAL_Driver/stm32l4xx_hal.o" --specs=nano.specs -mfpu=fpv4-sp-d16 -mfloat-abi=hard -mthumb -o "Drivers/STM32L4xx_HAL_Driver/stm32l4xx_hal.o"
arm-none-eabi-gcc "C:/Users/ghass/STM32Cube/Repository/STM32Cube_FW_L4_V1.17.2/Drivers/STM32L4xx_HAL_Driver/Src/stm32l4xx_hal_cortex.c" -mcpu=cortex-m4 -std=gnu11 -g3 -DUSE_HAL_DRIVER -DSTM32L475xx -DUSE_STM32L475_DISCOVERY -c -I../../../Inc -I../../../../Common/Inc -I../../../../../../../../Drivers/CMSIS/Device/ST/STM32L4xx/Include -I../../../../../../../../Drivers/STM32L4xx_HAL_Driver/Inc -I../../../../../../../../Drivers/BSP/B-L475E-IOT01 -I../../../../../../../../Drivers/CMSIS/Include -Os -ffunction-sections -Wall -Wno-strict-aliasing -fstack-usage -fcyclomatic-complexity -MMD -MP -MF"Drivers/STM32L4xx_HAL_Driver/stm32l4xx_hal_cortex.d" -MT"Drivers/STM32L4xx_HAL_Driver/stm32l4xx_hal_cortex.o" --specs=nano.specs -mfpu=fpv4-sp-d16 -mfloat-abi=hard -mthumb -o "Drivers/STM32L4xx_HAL_Driver/stm32l4xx_hal_cortex.o"
arm-none-eabi-gcc "C:/Users/ghass/STM32Cube/Repository/STM32Cube_FW_L4_V1.17.2/Drivers/STM32L4xx_HAL_Driver/Src/stm32l4xx_hal_dma.c" -mcpu=cortex-m4 -std=gnu11 -g3 -DUSE_HAL_DRIVER -DSTM32L475xx -DUSE_STM32L475_DISCOVERY -c -I../../../Inc -I../../../../Common/Inc -I../../../../../../../../Drivers/CMSIS/Device/ST/STM32L4xx/Include -I../../../../../../../../Drivers/STM32L4xx_HAL_Driver/Inc -I../../../../../../../../Drivers/BSP/B-L475E-IOT01 -I../../../../../../../../Drivers/CMSIS/Include -Os -ffunction-sections -Wall -Wno-strict-aliasing -fstack-usage -fcyclomatic-complexity -MMD -MP -MF"Drivers/STM32L4xx_HAL_Driver/stm32l4xx_hal_dma.d" -MT"Drivers/STM32L4xx_HAL_Driver/stm32l4xx_hal_dma.o" --specs=nano.specs -mfpu=fpv4-sp-d16 -mfloat-abi=hard -mthumb -o "Drivers/STM32L4xx_HAL_Driver/stm32l4xx_hal_dma.o"
arm-none-eabi-gcc "C:/Users/ghass/STM32Cube/Repository/STM32Cube_FW_L4_V1.17.2/Drivers/STM32L4xx_HAL_Driver/Src/stm32l4xx_hal_flash.c" -mcpu=cortex-m4 -std=gnu11 -g3 -DUSE_HAL_DRIVER -DSTM32L475xx -DUSE_STM32L475_DISCOVERY -c -I../../../Inc -I../../../../Common/Inc -I../../../../../../../../Drivers/CMSIS/Device/ST/STM32L4xx/Include -I../../../../../../../../Drivers/STM32L4xx_HAL_Driver/Inc -I../../../../../../../../Drivers/BSP/B-L475E-IOT01 -I../../../../../../../../Drivers/CMSIS/Include -Os -ffunction-sections -Wall -Wno-strict-aliasing -fstack-usage -fcyclomatic-complexity -MMD -MP -MF"Drivers/STM32L4xx_HAL_Driver/stm32l4xx_hal_flash.d" -MT"Drivers/STM32L4xx_HAL_Driver/stm32l4xx_hal_flash.o" --specs=nano.specs -mfpu=fpv4-sp-d16 -mfloat-abi=hard -mthumb -o "Drivers/STM32L4xx_HAL_Driver/stm32l4xx_hal_flash.o"
arm-none-eabi-gcc "C:/Users/ghass/STM32Cube/Repository/STM32Cube_FW_L4_V1.17.2/Drivers/STM32L4xx_HAL_Driver/Src/stm32l4xx_hal_flash_ex.c" -mcpu=cortex-m4 -std=gnu11 -g3 -DUSE_HAL_DRIVER -DSTM32L475xx -DUSE_STM32L475_DISCOVERY -c -I../../../Inc -I../../../../Common/Inc -I../../../../../../../../Drivers/CMSIS/Device/ST/STM32L4xx/Include -I../../../../../../../../Drivers/STM32L4xx_HAL_Driver/Inc -I../../../../../../../../Drivers/BSP/B-L475E-IOT01 -I../../../../../../../../Drivers/CMSIS/Include -Os -ffunction-sections -Wall -Wno-strict-aliasing -fstack-usage -fcyclomatic-complexity -MMD -MP -MF"Drivers/STM32L4xx_HAL_Driver/stm32l4xx_hal_flash_ex.d" -MT"Drivers/STM32L4xx_HAL_Driver/stm32l4xx_hal_flash_ex.o" --specs=nano.specs -mfpu=fpv4-sp-d16 -mfloat-abi=hard -mthumb -o "Drivers/STM32L4xx_HAL_Driver/stm32l4xx_hal_flash_ex.o"
arm-none-eabi-gcc "C:/Users/ghass/STM32Cube/Repository/STM32Cube_FW_L4_V1.17.2/Drivers/STM32L4xx_HAL_Driver/Src/stm32l4xx_hal_gpio.c" -mcpu=cortex-m4 -std=gnu11 -g3 -DUSE_HAL_DRIVER -DSTM32L475xx -DUSE_STM32L475_DISCOVERY -c -I../../../Inc -I../../../../Common/Inc -I../../../../../../../../Drivers/CMSIS/Device/ST/STM32L4xx/Include -I../../../../../../../../Drivers/STM32L4xx_HAL_Driver/Inc -I../../../../../../../../Drivers/BSP/B-L475E-IOT01 -I../../../../../../../../Drivers/CMSIS/Include -Os -ffunction-sections -Wall -Wno-strict-aliasing -fstack-usage -fcyclomatic-complexity -MMD -MP -MF"Drivers/STM32L4xx_HAL_Driver/stm32l4xx_hal_gpio.d" -MT"Drivers/STM32L4xx_HAL_Driver/stm32l4xx_hal_gpio.o" --specs=nano.specs -mfpu=fpv4-sp-d16 -mfloat-abi=hard -mthumb -o "Drivers/STM32L4xx_HAL_Driver/stm32l4xx_hal_gpio.o"
arm-none-eabi-gcc "C:/Users/ghass/STM32Cube/Repository/STM32Cube_FW_L4_V1.17.2/Drivers/STM32L4xx_HAL_Driver/Src/stm32l4xx_hal_i2c.c" -mcpu=cortex-m4 -std=gnu11 -g3 -DUSE_HAL_DRIVER -DSTM32L475xx -DUSE_STM32L475_DISCOVERY -c -I../../../Inc -I../../../../Common/Inc -I../../../../../../../../Drivers/CMSIS/Device/ST/STM32L4xx/Include -I../../../../../../../../Drivers/STM32L4xx_HAL_Driver/Inc -I../../../../../../../../Drivers/BSP/B-L475E-IOT01 -I../../../../../../../../Drivers/CMSIS/Include -Os -ffunction-sections -Wall -Wno-strict-aliasing -fstack-usage -fcyclomatic-complexity -MMD -MP -MF"Drivers/STM32L4xx_HAL_Driver/stm32l4xx_hal_i2c.d" -MT"Drivers/STM32L4xx_HAL_Driver/stm32l4xx_hal_i2c.o" --specs=nano.specs -mfpu=fpv4-sp-d16 -mfloat-abi=hard -mthumb -o "Drivers/STM32L4xx_HAL_Driver/stm32l4xx_hal_i2c.o"
arm-none-eabi-gcc "C:/Users/ghass/STM32Cube/Repository/STM32Cube_FW_L4_V1.17.2/Drivers/STM32L4xx_HAL_Driver/Src/stm32l4xx_hal_i2c_ex.c" -mcpu=cortex-m4 -std=gnu11 -g3 -DUSE_HAL_DRIVER -DSTM32L475xx -DUSE_STM32L475_DISCOVERY -c -I../../../Inc -I../../../../Common/Inc -I../../../../../../../../Drivers/CMSIS/Device/ST/STM32L4xx/Include -I../../../../../../../../Drivers/STM32L4xx_HAL_Driver/Inc -I../../../../../../../../Drivers/BSP/B-L475E-IOT01 -I../../../../../../../../Drivers/CMSIS/Include -Os -ffunction-sections -Wall -Wno-strict-aliasing -fstack-usage -fcyclomatic-complexity -MMD -MP -MF"Drivers/STM32L4xx_HAL_Driver/stm32l4xx_hal_i2c_ex.d" -MT"Drivers/STM32L4xx_HAL_Driver/stm32l4xx_hal_i2c_ex.o" --specs=nano.specs -mfpu=fpv4-sp-d16 -mfloat-abi=hard -mthumb -o "Drivers/STM32L4xx_HAL_Driver/stm32l4xx_hal_i2c_ex.o"
arm-none-eabi-gcc "C:/Users/ghass/STM32Cube/Repository/STM32Cube_FW_L4_V1.17.2/Drivers/STM32L4xx_HAL_Driver/Src/stm32l4xx_hal_pwr.c" -mcpu=cortex-m4 -std=gnu11 -g3 -DUSE_HAL_DRIVER -DSTM32L475xx -DUSE_STM32L475_DISCOVERY -c -I../../../Inc -I../../../../Common/Inc -I../../../../../../../../Drivers/CMSIS/Device/ST/STM32L4xx/Include -I../../../../../../../../Drivers/STM32L4xx_HAL_Driver/Inc -I../../../../../../../../Drivers/BSP/B-L475E-IOT01 -I../../../../../../../../Drivers/CMSIS/Include -Os -ffunction-sections -Wall -Wno-strict-aliasing -fstack-usage -fcyclomatic-complexity -MMD -MP -MF"Drivers/STM32L4xx_HAL_Driver/stm32l4xx_hal_pwr.d" -MT"Drivers/STM32L4xx_HAL_Driver/stm32l4xx_hal_pwr.o" --specs=nano.specs -mfpu=fpv4-sp-d16 -mfloat-abi=hard -mthumb -o "Drivers/STM32L4xx_HAL_Driver/stm32l4xx_hal_pwr.o"
arm-none-eabi-gcc "C:/Users/ghass/STM32Cube/Repository/STM32Cube_FW_L4_V1.17.2/Drivers/STM32L4xx_HAL_Driver/Src/stm32l4xx_hal_pwr_ex.c" -mcpu=cortex-m4 -std=gnu11 -g3 -DUSE_HAL_DRIVER -DSTM32L475xx -DUSE_STM32L475_DISCOVERY -c -I../../../Inc -I../../../../Common/Inc -I../../../../../../../../Drivers/CMSIS/Device/ST/STM32L4xx/Include -I../../../../../../../../Drivers/STM32L4xx_HAL_Driver/Inc -I../../../../../../../../Drivers/BSP/B-L475E-IOT01 -I../../../../../../../../Drivers/CMSIS/Include -Os -ffunction-sections -Wall -Wno-strict-aliasing -fstack-usage -fcyclomatic-complexity -MMD -MP -MF"Drivers/STM32L4xx_HAL_Driver/stm32l4xx_hal_pwr_ex.d" -MT"Drivers/STM32L4xx_HAL_Driver/stm32l4xx_hal_pwr_ex.o" --specs=nano.specs -mfpu=fpv4-sp-d16 -mfloat-abi=hard -mthumb -o "Drivers/STM32L4xx_HAL_Driver/stm32l4xx_hal_pwr_ex.o"
arm-none-eabi-gcc "C:/Users/ghass/STM32Cube/Repository/STM32Cube_FW_L4_V1.17.2/Drivers/STM32L4xx_HAL_Driver/Src/stm32l4xx_hal_rcc.c" -mcpu=cortex-m4 -std=gnu11 -g3 -DUSE_HAL_DRIVER -DSTM32L475xx -DUSE_STM32L475_DISCOVERY -c -I../../../Inc -I../../../../Common/Inc -I../../../../../../../../Drivers/CMSIS/Device/ST/STM32L4xx/Include -I../../../../../../../../Drivers/STM32L4xx_HAL_Driver/Inc -I../../../../../../../../Drivers/BSP/B-L475E-IOT01 -I../../../../../../../../Drivers/CMSIS/Include -Os -ffunction-sections -Wall -Wno-strict-aliasing -fstack-usage -fcyclomatic-complexity -MMD -MP -MF"Drivers/STM32L4xx_HAL_Driver/stm32l4xx_hal_rcc.d" -MT"Drivers/STM32L4xx_HAL_Driver/stm32l4xx_hal_rcc.o" --specs=nano.specs -mfpu=fpv4-sp-d16 -mfloat-abi=hard -mthumb -o "Drivers/STM32L4xx_HAL_Driver/stm32l4xx_hal_rcc.o"
arm-none-eabi-gcc "C:/Users/ghass/STM32Cube/Repository/STM32Cube_FW_L4_V1.17.2/Drivers/STM32L4xx_HAL_Driver/Src/stm32l4xx_hal_rcc_ex.c" -mcpu=cortex-m4 -std=gnu11 -g3 -DUSE_HAL_DRIVER -DSTM32L475xx -DUSE_STM32L475_DISCOVERY -c -I../../../Inc -I../../../../Common/Inc -I../../../../../../../../Drivers/CMSIS/Device/ST/STM32L4xx/Include -I../../../../../../../../Drivers/STM32L4xx_HAL_Driver/Inc -I../../../../../../../../Drivers/BSP/B-L475E-IOT01 -I../../../../../../../../Drivers/CMSIS/Include -Os -ffunction-sections -Wall -Wno-strict-aliasing -fstack-usage -fcyclomatic-complexity -MMD -MP -MF"Drivers/STM32L4xx_HAL_Driver/stm32l4xx_hal_rcc_ex.d" -MT"Drivers/STM32L4xx_HAL_Driver/stm32l4xx_hal_rcc_ex.o" --specs=nano.specs -mfpu=fpv4-sp-d16 -mfloat-abi=hard -mthumb -o "Drivers/STM32L4xx_HAL_Driver/stm32l4xx_hal_rcc_ex.o"
arm-none-eabi-gcc "C:/Users/ghass/STM32Cube/Repository/STM32Cube_FW_L4_V1.17.2/Drivers/STM32L4xx_HAL_Driver/Src/stm32l4xx_hal_spi.c" -mcpu=cortex-m4 -std=gnu11 -g3 -DUSE_HAL_DRIVER -DSTM32L475xx -DUSE_STM32L475_DISCOVERY -c -I../../../Inc -I../../../../Common/Inc -I../../../../../../../../Drivers/CMSIS/Device/ST/STM32L4xx/Include -I../../../../../../../../Drivers/STM32L4xx_HAL_Driver/Inc -I../../../../../../../../Drivers/BSP/B-L475E-IOT01 -I../../../../../../../../Drivers/CMSIS/Include -Os -ffunction-sections -Wall -Wno-strict-aliasing -fstack-usage -fcyclomatic-complexity -MMD -MP -MF"Drivers/STM32L4xx_HAL_Driver/stm32l4xx_hal_spi.d" -MT"Drivers/STM32L4xx_HAL_Driver/stm32l4xx_hal_spi.o" --specs=nano.specs -mfpu=fpv4-sp-d16 -mfloat-abi=hard -mthumb -o "Drivers/STM32L4xx_HAL_Driver/stm32l4xx_hal_spi.o"
arm-none-eabi-gcc "C:/Users/ghass/STM32Cube/Repository/STM32Cube_FW_L4_V1.17.2/Drivers/STM32L4xx_HAL_Driver/Src/stm32l4xx_hal_spi_ex.c" -mcpu=cortex-m4 -std=gnu11 -g3 -DUSE_HAL_DRIVER -DSTM32L475xx -DUSE_STM32L475_DISCOVERY -c -I../../../Inc -I../../../../Common/Inc -I../../../../../../../../Drivers/CMSIS/Device/ST/STM32L4xx/Include -I../../../../../../../../Drivers/STM32L4xx_HAL_Driver/Inc -I../../../../../../../../Drivers/BSP/B-L475E-IOT01 -I../../../../../../../../Drivers/CMSIS/Include -Os -ffunction-sections -Wall -Wno-strict-aliasing -fstack-usage -fcyclomatic-complexity -MMD -MP -MF"Drivers/STM32L4xx_HAL_Driver/stm32l4xx_hal_spi_ex.d" -MT"Drivers/STM32L4xx_HAL_Driver/stm32l4xx_hal_spi_ex.o" --specs=nano.specs -mfpu=fpv4-sp-d16 -mfloat-abi=hard -mthumb -o "Drivers/STM32L4xx_HAL_Driver/stm32l4xx_hal_spi_ex.o"
arm-none-eabi-gcc "C:/Users/ghass/STM32Cube/Repository/STM32Cube_FW_L4_V1.17.2/Drivers/STM32L4xx_HAL_Driver/Src/stm32l4xx_hal_uart.c" -mcpu=cortex-m4 -std=gnu11 -g3 -DUSE_HAL_DRIVER -DSTM32L475xx -DUSE_STM32L475_DISCOVERY -c -I../../../Inc -I../../../../Common/Inc -I../../../../../../../../Drivers/CMSIS/Device/ST/STM32L4xx/Include -I../../../../../../../../Drivers/STM32L4xx_HAL_Driver/Inc -I../../../../../../../../Drivers/BSP/B-L475E-IOT01 -I../../../../../../../../Drivers/CMSIS/Include -Os -ffunction-sections -Wall -Wno-strict-aliasing -fstack-usage -fcyclomatic-complexity -MMD -MP -MF"Drivers/STM32L4xx_HAL_Driver/stm32l4xx_hal_uart.d" -MT"Drivers/STM32L4xx_HAL_Driver/stm32l4xx_hal_uart.o" --specs=nano.specs -mfpu=fpv4-sp-d16 -mfloat-abi=hard -mthumb -o "Drivers/STM32L4xx_HAL_Driver/stm32l4xx_hal_uart.o"
arm-none-eabi-gcc "C:/Users/ghass/STM32Cube/Repository/STM32Cube_FW_L4_V1.17.2/Drivers/STM32L4xx_HAL_Driver/Src/stm32l4xx_hal_uart_ex.c" -mcpu=cortex-m4 -std=gnu11 -g3 -DUSE_HAL_DRIVER -DSTM32L475xx -DUSE_STM32L475_DISCOVERY -c -I../../../Inc -I../../../../Common/Inc -I../../../../../../../../Drivers/CMSIS/Device/ST/STM32L4xx/Include -I../../../../../../../../Drivers/STM32L4xx_HAL_Driver/Inc -I../../../../../../../../Drivers/BSP/B-L475E-IOT01 -I../../../../../../../../Drivers/CMSIS/Include -Os -ffunction-sections -Wall -Wno-strict-aliasing -fstack-usage -fcyclomatic-complexity -MMD -MP -MF"Drivers/STM32L4xx_HAL_Driver/stm32l4xx_hal_uart_ex.d" -MT"Drivers/STM32L4xx_HAL_Driver/stm32l4xx_hal_uart_ex.o" --specs=nano.specs -mfpu=fpv4-sp-d16 -mfloat-abi=hard -mthumb -o "Drivers/STM32L4xx_HAL_Driver/stm32l4xx_hal_uart_ex.o"
arm-none-eabi-gcc "C:/Users/ghass/STM32Cube/Repository/STM32Cube_FW_L4_V1.17.2/Projects/B-L475E-IOT01A/Applications/WiFi/WiFi_Client_Server/Src/system_stm32l4xx.c" -mcpu=cortex-m4 -std=gnu11 -g3 -DUSE_HAL_DRIVER -DSTM32L475xx -DUSE_STM32L475_DISCOVERY -c -I../../../Inc -I../../../../Common/Inc -I../../../../../../../../Drivers/CMSIS/Device/ST/STM32L4xx/Include -I../../../../../../../../Drivers/STM32L4xx_HAL_Driver/Inc -I../../../../../../../../Drivers/BSP/B-L475E-IOT01 -I../../../../../../../../Drivers/CMSIS/Include -Os -ffunction-sections -Wall -Wno-strict-aliasing -fstack-usage -fcyclomatic-complexity -MMD -MP -MF"Drivers/CMSIS/system_stm32l4xx.d" -MT"Drivers/CMSIS/system_stm32l4xx.o" --specs=nano.specs -mfpu=fpv4-sp-d16 -mfloat-abi=hard -mthumb -o "Drivers/CMSIS/system_stm32l4xx.o"
arm-none-eabi-gcc "C:/Users/ghass/STM32Cube/Repository/STM32Cube_FW_L4_V1.17.2/Drivers/BSP/B-L475E-IOT01/stm32l475e_iot01.c" -mcpu=cortex-m4 -std=gnu11 -g3 -DUSE_HAL_DRIVER -DSTM32L475xx -DUSE_STM32L475_DISCOVERY -c -I../../../Inc -I../../../../Common/Inc -I../../../../../../../../Drivers/CMSIS/Device/ST/STM32L4xx/Include -I../../../../../../../../Drivers/STM32L4xx_HAL_Driver/Inc -I../../../../../../../../Drivers/BSP/B-L475E-IOT01 -I../../../../../../../../Drivers/CMSIS/Include -Os -ffunction-sections -Wall -Wno-strict-aliasing -fstack-usage -fcyclomatic-complexity -MMD -MP -MF"Drivers/BSP/B-L475E-IOT01/stm32l475e_iot01.d" -MT"Drivers/BSP/B-L475E-IOT01/stm32l475e_iot01.o" --specs=nano.specs -mfpu=fpv4-sp-d16 -mfloat-abi=hard -mthumb -o "Drivers/BSP/B-L475E-IOT01/stm32l475e_iot01.o"
arm-none-eabi-gcc "C:/Users/ghass/STM32Cube/Repository/STM32Cube_FW_L4_V1.17.2/Projects/B-L475E-IOT01A/Applications/WiFi/Common/Src/es_wifi.c" -mcpu=cortex-m4 -std=gnu11 -g3 -DUSE_HAL_DRIVER -DSTM32L475xx -DUSE_STM32L475_DISCOVERY -c -I../../../Inc -I../../../../Common/Inc -I../../../../../../../../Drivers/CMSIS/Device/ST/STM32L4xx/Include -I../../../../../../../../Drivers/STM32L4xx_HAL_Driver/Inc -I../../../../../../../../Drivers/BSP/B-L475E-IOT01 -I../../../../../../../../Drivers/CMSIS/Include -Os -ffunction-sections -Wall -Wno-strict-aliasing -fstack-usage -fcyclomatic-complexity -MMD -MP -MF"Application/WIFI/es_wifi.d" -MT"Application/WIFI/es_wifi.o" --specs=nano.specs -mfpu=fpv4-sp-d16 -mfloat-abi=hard -mthumb -o "Application/WIFI/es_wifi.o"
arm-none-eabi-gcc "C:/Users/ghass/STM32Cube/Repository/STM32Cube_FW_L4_V1.17.2/Projects/B-L475E-IOT01A/Applications/WiFi/Common/Src/es_wifi_io.c" -mcpu=cortex-m4 -std=gnu11 -g3 -DUSE_HAL_DRIVER -DSTM32L475xx -DUSE_STM32L475_DISCOVERY -c -I../../../Inc -I../../../../Common/Inc -I../../../../../../../../Drivers/CMSIS/Device/ST/STM32L4xx/Include -I../../../../../../../../Drivers/STM32L4xx_HAL_Driver/Inc -I../../../../../../../../Drivers/BSP/B-L475E-IOT01 -I../../../../../../../../Drivers/CMSIS/Include -Os -ffunction-sections -Wall -Wno-strict-aliasing -fstack-usage -fcyclomatic-complexity -MMD -MP -MF"Application/WIFI/es_wifi_io.d" -MT"Application/WIFI/es_wifi_io.o" --specs=nano.specs -mfpu=fpv4-sp-d16 -mfloat-abi=hard -mthumb -o "Application/WIFI/es_wifi_io.o"
arm-none-eabi-gcc "C:/Users/ghass/STM32Cube/Repository/STM32Cube_FW_L4_V1.17.2/Projects/B-L475E-IOT01A/Applications/WiFi/Common/Src/wifi.c" -mcpu=cortex-m4 -std=gnu11 -g3 -DUSE_HAL_DRIVER -DSTM32L475xx -DUSE_STM32L475_DISCOVERY -c -I../../../Inc -I../../../../Common/Inc -I../../../../../../../../Drivers/CMSIS/Device/ST/STM32L4xx/Include -I../../../../../../../../Drivers/STM32L4xx_HAL_Driver/Inc -I../../../../../../../../Drivers/BSP/B-L475E-IOT01 -I../../../../../../../../Drivers/CMSIS/Include -Os -ffunction-sections -Wall -Wno-strict-aliasing -fstack-usage -fcyclomatic-complexity -MMD -MP -MF"Application/WIFI/wifi.d" -MT"Application/WIFI/wifi.o" --specs=nano.specs -mfpu=fpv4-sp-d16 -mfloat-abi=hard -mthumb -o "Application/WIFI/wifi.o"
arm-none-eabi-gcc "C:/Users/ghass/STM32Cube/Repository/STM32Cube_FW_L4_V1.17.2/Projects/B-L475E-IOT01A/Applications/WiFi/WiFi_Client_Server/Src/main.c" -mcpu=cortex-m4 -std=gnu11 -g3 -DUSE_HAL_DRIVER -DSTM32L475xx -DUSE_STM32L475_DISCOVERY -c -I../../../Inc -I../../../../Common/Inc -I../../../../../../../../Drivers/CMSIS/Device/ST/STM32L4xx/Include -I../../../../../../../../Drivers/STM32L4xx_HAL_Driver/Inc -I../../../../../../../../Drivers/BSP/B-L475E-IOT01 -I../../../../../../../../Drivers/CMSIS/Include -Os -ffunction-sections -Wall -Wno-strict-aliasing -fstack-usage -fcyclomatic-complexity -MMD -MP -MF"Application/User/main.d" -MT"Application/User/main.o" --specs=nano.specs -mfpu=fpv4-sp-d16 -mfloat-abi=hard -mthumb -o "Application/User/main.o"
arm-none-eabi-gcc "C:/Users/ghass/STM32Cube/Repository/STM32Cube_FW_L4_V1.17.2/Projects/B-L475E-IOT01A/Applications/WiFi/WiFi_Client_Server/Src/stm32l4xx_it.c" -mcpu=cortex-m4 -std=gnu11 -g3 -DUSE_HAL_DRIVER -DSTM32L475xx -DUSE_STM32L475_DISCOVERY -c -I../../../Inc -I../../../../Common/Inc -I../../../../../../../../Drivers/CMSIS/Device/ST/STM32L4xx/Include -I../../../../../../../../Drivers/STM32L4xx_HAL_Driver/Inc -I../../../../../../../../Drivers/BSP/B-L475E-IOT01 -I../../../../../../../../Drivers/CMSIS/Include -Os -ffunction-sections -Wall -Wno-strict-aliasing -fstack-usage -fcyclomatic-complexity -MMD -MP -MF"Application/User/stm32l4xx_it.d" -MT"Application/User/stm32l4xx_it.o" --specs=nano.specs -mfpu=fpv4-sp-d16 -mfloat-abi=hard -mthumb -o "Application/User/stm32l4xx_it.o"
arm-none-eabi-gcc -o "B-L475E-IOT01.elf" @"objects.list"   -mcpu=cortex-m4 -T"../STM32L475VGTx_FLASH.ld" --specs=nosys.specs -Wl,-Map="B-L475E-IOT01.map" -Wl,--gc-sections -static --specs=nano.specs -mfpu=fpv4-sp-d16 -mfloat-abi=hard -mthumb -Wl,--start-group -lc -lm -Wl,--end-group
Finished building target: B-L475E-IOT01.elf
 
arm-none-eabi-size   B-L475E-IOT01.elf 
arm-none-eabi-objdump -h -S  B-L475E-IOT01.elf  > "B-L475E-IOT01.list"
arm-none-eabi-objcopy  -O binary  B-L475E-IOT01.elf  "B-L475E-IOT01.bin"
   text	   data	    bss	    dec	    hex	filename
  23440	    152	  97408	 121000	  1d8a8	B-L475E-IOT01.elf
Finished building: default.size.stdout
 
Finished building: B-L475E-IOT01.bin
 
Finished building: B-L475E-IOT01.list
 
10:43:33 **** Incremental Build of configuration Debug for project B-L475E-IOT01 ****
make -j8 all 
arm-none-eabi-size   B-L475E-IOT01.elf 
   text	   data	    bss	    dec	    hex	filename
  23440	    152	  97408	 121000	  1d8a8	B-L475E-IOT01.elf
Finished building: default.size.stdout
 
